// Jest Snapshot v1, https://goo.gl/fbAQLP

exports[`checks a selected RepoItem 1`] = `
Snapshot Diff:
- Base item
+ Selected item

@@ -26,4 +26,9 @@
-      Object {
-        "paddingHorizontal": 24,
-        "paddingVertical": 8,
-      }
+      Array [
+        Object {
+          "paddingHorizontal": 24,
+          "paddingVertical": 8,
+        },
+        Object {
+          "backgroundColor": "#B2DFDB",
+        },
+      ]
@@ -58,0 +63,7 @@
+    <Text
+      accessible={true}
+      allowFontScaling={true}
+      ellipsizeMode="tail"
+    >
+      Useful description goes here.
+    </Text>
`;
